===== Starting build =====
Timestamp
Thu Aug 18 13:03:13 UTC 2011
==========================

===== Updating from SVN =====
At revision 442.

===== Making JETI Version =====
>>> cleaning

-------- begin --------

Cleaning project:
rm -f er9x.hex
rm -f er9x.eep
rm -f er9x.cof
rm -f er9x.elf
rm -f er9x.map
rm -f er9x.sym
rm -f er9x.lss
rm -rf obj
rm -f 
rm -f 
rm -rf .dep
-------- end --------

>>>  making

-------- begin --------
avr-gcc (GCC) 4.3.5
Copyright (C) 2008 Free Software Foundation, Inc.
This is free software; see the source for copying conditions.  There is NO
warranty; not even for MERCHANTABILITY or FITNESS FOR A PARTICULAR PURPOSE.


Generate Version-stamp:
//Automatically generated file - do not edit
#define DATE_STR "18.08.2011"
#define TIME_STR "09:09:14"
#define SUB_VERS 4682-erez
#define SVN_VERS "trunk-r443"

Compiling C++: er9x.cpp
avr-gcc -c -mmcu=atmega64 -I. -x c++ -gdwarf-2 -DF_CPU=16000000UL -DJETI -Os -Wall  -MD -MP -MF .dep/er9x.o.d er9x.cpp -o obj/er9x.o

Compiling C++: stamp.cpp
avr-gcc -c -mmcu=atmega64 -I. -x c++ -gdwarf-2 -DF_CPU=16000000UL -DJETI -Os -Wall  -MD -MP -MF .dep/stamp.o.d stamp.cpp -o obj/stamp.o

Compiling C++: menus.cpp
avr-gcc -c -mmcu=atmega64 -I. -x c++ -gdwarf-2 -DF_CPU=16000000UL -DJETI -Os -Wall  -MD -MP -MF .dep/menus.o.d menus.cpp -o obj/menus.o

Compiling C++: pers.cpp
avr-gcc -c -mmcu=atmega64 -I. -x c++ -gdwarf-2 -DF_CPU=16000000UL -DJETI -Os -Wall  -MD -MP -MF .dep/pers.o.d pers.cpp -o obj/pers.o

Compiling C++: file.cpp
avr-gcc -c -mmcu=atmega64 -I. -x c++ -gdwarf-2 -DF_CPU=16000000UL -DJETI -Os -Wall  -MD -MP -MF .dep/file.o.d file.cpp -o obj/file.o

Compiling C++: lcd.cpp
avr-gcc -c -mmcu=atmega64 -I. -x c++ -gdwarf-2 -DF_CPU=16000000UL -DJETI -Os -Wall  -MD -MP -MF .dep/lcd.o.d lcd.cpp -o obj/lcd.o

Compiling C++: drivers.cpp
avr-gcc -c -mmcu=atmega64 -I. -x c++ -gdwarf-2 -DF_CPU=16000000UL -DJETI -Os -Wall  -MD -MP -MF .dep/drivers.o.d drivers.cpp -o obj/drivers.o

Compiling C++: templates.cpp
avr-gcc -c -mmcu=atmega64 -I. -x c++ -gdwarf-2 -DF_CPU=16000000UL -DJETI -Os -Wall  -MD -MP -MF .dep/templates.o.d templates.cpp -o obj/templates.o

Compiling C++: jeti.cpp
avr-gcc -c -mmcu=atmega64 -I. -x c++ -gdwarf-2 -DF_CPU=16000000UL -DJETI -Os -Wall  -MD -MP -MF .dep/jeti.o.d jeti.cpp -o obj/jeti.o

Linking: er9x.elf
avr-gcc -mmcu=atmega64 -I. -gdwarf-2 -DF_CPU=16000000UL -Os -funsigned-char -funsigned-bitfields -fpack-struct -fshort-enums -Wall -Wstrict-prototypes -Wundef -Wa,-adhlns=obj/er9x.o  -std=gnu99 --combine -fwhole-program -MD -MP -MF .dep/er9x.elf.d obj/er9x.o obj/stamp.o obj/menus.o obj/pers.o obj/file.o obj/lcd.o obj/drivers.o obj/templates.o obj/jeti.o --output er9x.elf -Wl,-Map=er9x.map,--cref    -lm

Creating load file for Flash: er9x.hex
avr-objcopy -O ihex -R .eeprom er9x.elf er9x.hex

Creating load file for EEPROM: er9x.eep
avr-objcopy -j .eeprom --set-section-flags=.eeprom="alloc,load" \
--change-section-lma .eeprom=0 -O ihex er9x.elf er9x.eep

Creating Extended Listing: er9x.lss
avr-objdump -h -S er9x.elf > er9x.lss

Creating Symbol Table: er9x.sym
avr-nm -n er9x.elf > er9x.sym

Size after:
AVR Memory Usage
----------------
Device: atmega64

Program:   54866 bytes (83.7% Full)
(.text + .data + .bootloader)

Data:       3476 bytes (84.9% Full)
(.data + .bss + .noinit)



-------- end --------

>>>  moving

===== Making FRSKY Version =====
>>> cleaning

-------- begin --------

Cleaning project:
rm -f er9x.hex
rm -f er9x.eep
rm -f er9x.cof
rm -f er9x.elf
rm -f er9x.map
rm -f er9x.sym
rm -f er9x.lss
rm -rf obj
rm -f 
rm -f 
rm -rf .dep
-------- end --------

>>>  making

-------- begin --------
avr-gcc (GCC) 4.3.5
Copyright (C) 2008 Free Software Foundation, Inc.
This is free software; see the source for copying conditions.  There is NO
warranty; not even for MERCHANTABILITY or FITNESS FOR A PARTICULAR PURPOSE.


Generate Version-stamp:
//Automatically generated file - do not edit
#define DATE_STR "18.08.2011"
#define TIME_STR "09:09:17"
#define SUB_VERS 4683-erez
#define SVN_VERS "trunk-r443"

Compiling C++: er9x.cpp
avr-gcc -c -mmcu=atmega64 -I. -x c++ -gdwarf-2 -DF_CPU=16000000UL -DFRSKY -Os -Wall  -MD -MP -MF .dep/er9x.o.d er9x.cpp -o obj/er9x.o

Compiling C++: stamp.cpp
avr-gcc -c -mmcu=atmega64 -I. -x c++ -gdwarf-2 -DF_CPU=16000000UL -DFRSKY -Os -Wall  -MD -MP -MF .dep/stamp.o.d stamp.cpp -o obj/stamp.o

Compiling C++: menus.cpp
avr-gcc -c -mmcu=atmega64 -I. -x c++ -gdwarf-2 -DF_CPU=16000000UL -DFRSKY -Os -Wall  -MD -MP -MF .dep/menus.o.d menus.cpp -o obj/menus.o

Compiling C++: pers.cpp
avr-gcc -c -mmcu=atmega64 -I. -x c++ -gdwarf-2 -DF_CPU=16000000UL -DFRSKY -Os -Wall  -MD -MP -MF .dep/pers.o.d pers.cpp -o obj/pers.o

Compiling C++: file.cpp
avr-gcc -c -mmcu=atmega64 -I. -x c++ -gdwarf-2 -DF_CPU=16000000UL -DFRSKY -Os -Wall  -MD -MP -MF .dep/file.o.d file.cpp -o obj/file.o

Compiling C++: lcd.cpp
avr-gcc -c -mmcu=atmega64 -I. -x c++ -gdwarf-2 -DF_CPU=16000000UL -DFRSKY -Os -Wall  -MD -MP -MF .dep/lcd.o.d lcd.cpp -o obj/lcd.o

Compiling C++: drivers.cpp
avr-gcc -c -mmcu=atmega64 -I. -x c++ -gdwarf-2 -DF_CPU=16000000UL -DFRSKY -Os -Wall  -MD -MP -MF .dep/drivers.o.d drivers.cpp -o obj/drivers.o

Compiling C++: templates.cpp
avr-gcc -c -mmcu=atmega64 -I. -x c++ -gdwarf-2 -DF_CPU=16000000UL -DFRSKY -Os -Wall  -MD -MP -MF .dep/templates.o.d templates.cpp -o obj/templates.o

Compiling C++: frsky.cpp
avr-gcc -c -mmcu=atmega64 -I. -x c++ -gdwarf-2 -DF_CPU=16000000UL -DFRSKY -Os -Wall  -MD -MP -MF .dep/frsky.o.d frsky.cpp -o obj/frsky.o

Linking: er9x.elf
avr-gcc -mmcu=atmega64 -I. -gdwarf-2 -DF_CPU=16000000UL -Os -funsigned-char -funsigned-bitfields -fpack-struct -fshort-enums -Wall -Wstrict-prototypes -Wundef -Wa,-adhlns=obj/er9x.o  -std=gnu99 --combine -fwhole-program -MD -MP -MF .dep/er9x.elf.d obj/er9x.o obj/stamp.o obj/menus.o obj/pers.o obj/file.o obj/lcd.o obj/drivers.o obj/templates.o obj/frsky.o --output er9x.elf -Wl,-Map=er9x.map,--cref    -lm

Creating load file for Flash: er9x.hex
avr-objcopy -O ihex -R .eeprom er9x.elf er9x.hex

Creating load file for EEPROM: er9x.eep
avr-objcopy -j .eeprom --set-section-flags=.eeprom="alloc,load" \
--change-section-lma .eeprom=0 -O ihex er9x.elf er9x.eep

Creating Extended Listing: er9x.lss
avr-objdump -h -S er9x.elf > er9x.lss

Creating Symbol Table: er9x.sym
avr-nm -n er9x.elf > er9x.sym

Size after:
AVR Memory Usage
----------------
Device: atmega64

Program:   58532 bytes (89.3% Full)
(.text + .data + .bootloader)

Data:       3568 bytes (87.1% Full)
(.data + .bss + .noinit)



-------- end --------

>>>  moving

===== Making FRSKY - SPKR Version =====
>>> cleaning

-------- begin --------

Cleaning project:
rm -f er9x.hex
rm -f er9x.eep
rm -f er9x.cof
rm -f er9x.elf
rm -f er9x.map
rm -f er9x.sym
rm -f er9x.lss
rm -rf obj
rm -f 
rm -f 
rm -rf .dep
-------- end --------

>>>  making

-------- begin --------
avr-gcc (GCC) 4.3.5
Copyright (C) 2008 Free Software Foundation, Inc.
This is free software; see the source for copying conditions.  There is NO
warranty; not even for MERCHANTABILITY or FITNESS FOR A PARTICULAR PURPOSE.


Generate Version-stamp:
//Automatically generated file - do not edit
#define DATE_STR "18.08.2011"
#define TIME_STR "09:09:19"
#define SUB_VERS 4684-erez
#define SVN_VERS "trunk-r443"

Compiling C++: er9x.cpp
avr-gcc -c -mmcu=atmega64 -I. -x c++ -gdwarf-2 -DF_CPU=16000000UL -DFRSKY -DBEEPSPKR -Os -Wall  -MD -MP -MF .dep/er9x.o.d er9x.cpp -o obj/er9x.o

Compiling C++: stamp.cpp
avr-gcc -c -mmcu=atmega64 -I. -x c++ -gdwarf-2 -DF_CPU=16000000UL -DFRSKY -DBEEPSPKR -Os -Wall  -MD -MP -MF .dep/stamp.o.d stamp.cpp -o obj/stamp.o

Compiling C++: menus.cpp
avr-gcc -c -mmcu=atmega64 -I. -x c++ -gdwarf-2 -DF_CPU=16000000UL -DFRSKY -DBEEPSPKR -Os -Wall  -MD -MP -MF .dep/menus.o.d menus.cpp -o obj/menus.o

Compiling C++: pers.cpp
avr-gcc -c -mmcu=atmega64 -I. -x c++ -gdwarf-2 -DF_CPU=16000000UL -DFRSKY -DBEEPSPKR -Os -Wall  -MD -MP -MF .dep/pers.o.d pers.cpp -o obj/pers.o

Compiling C++: file.cpp
avr-gcc -c -mmcu=atmega64 -I. -x c++ -gdwarf-2 -DF_CPU=16000000UL -DFRSKY -DBEEPSPKR -Os -Wall  -MD -MP -MF .dep/file.o.d file.cpp -o obj/file.o

Compiling C++: lcd.cpp
avr-gcc -c -mmcu=atmega64 -I. -x c++ -gdwarf-2 -DF_CPU=16000000UL -DFRSKY -DBEEPSPKR -Os -Wall  -MD -MP -MF .dep/lcd.o.d lcd.cpp -o obj/lcd.o

Compiling C++: drivers.cpp
avr-gcc -c -mmcu=atmega64 -I. -x c++ -gdwarf-2 -DF_CPU=16000000UL -DFRSKY -DBEEPSPKR -Os -Wall  -MD -MP -MF .dep/drivers.o.d drivers.cpp -o obj/drivers.o

Compiling C++: templates.cpp
avr-gcc -c -mmcu=atmega64 -I. -x c++ -gdwarf-2 -DF_CPU=16000000UL -DFRSKY -DBEEPSPKR -Os -Wall  -MD -MP -MF .dep/templates.o.d templates.cpp -o obj/templates.o

Compiling C++: frsky.cpp
avr-gcc -c -mmcu=atmega64 -I. -x c++ -gdwarf-2 -DF_CPU=16000000UL -DFRSKY -DBEEPSPKR -Os -Wall  -MD -MP -MF .dep/frsky.o.d frsky.cpp -o obj/frsky.o

Linking: er9x.elf
avr-gcc -mmcu=atmega64 -I. -gdwarf-2 -DF_CPU=16000000UL -Os -funsigned-char -funsigned-bitfields -fpack-struct -fshort-enums -Wall -Wstrict-prototypes -Wundef -Wa,-adhlns=obj/er9x.o  -std=gnu99 --combine -fwhole-program -MD -MP -MF .dep/er9x.elf.d obj/er9x.o obj/stamp.o obj/menus.o obj/pers.o obj/file.o obj/lcd.o obj/drivers.o obj/templates.o obj/frsky.o --output er9x.elf -Wl,-Map=er9x.map,--cref    -lm

Creating load file for Flash: er9x.hex
avr-objcopy -O ihex -R .eeprom er9x.elf er9x.hex

Creating load file for EEPROM: er9x.eep
avr-objcopy -j .eeprom --set-section-flags=.eeprom="alloc,load" \
--change-section-lma .eeprom=0 -O ihex er9x.elf er9x.eep

Creating Extended Listing: er9x.lss
avr-objdump -h -S er9x.elf > er9x.lss

Creating Symbol Table: er9x.sym
avr-nm -n er9x.elf > er9x.sym

Size after:
AVR Memory Usage
----------------
Device: atmega64

Program:   58830 bytes (89.8% Full)
(.text + .data + .bootloader)

Data:       3572 bytes (87.2% Full)
(.data + .bss + .noinit)



-------- end --------

>>>  moving

===== Making FRSKY - NOHELI/NOTEMPLATE Version =====
>>> cleaning

-------- begin --------

Cleaning project:
rm -f er9x.hex
rm -f er9x.eep
rm -f er9x.cof
rm -f er9x.elf
rm -f er9x.map
rm -f er9x.sym
rm -f er9x.lss
rm -rf obj
rm -f 
rm -f 
rm -rf .dep
-------- end --------

>>>  making

-------- begin --------
avr-gcc (GCC) 4.3.5
Copyright (C) 2008 Free Software Foundation, Inc.
This is free software; see the source for copying conditions.  There is NO
warranty; not even for MERCHANTABILITY or FITNESS FOR A PARTICULAR PURPOSE.


Generate Version-stamp:
//Automatically generated file - do not edit
#define DATE_STR "18.08.2011"
#define TIME_STR "09:09:22"
#define SUB_VERS 4685-erez
#define SVN_VERS "trunk-r443"

Compiling C++: er9x.cpp
avr-gcc -c -mmcu=atmega64 -I. -x c++ -gdwarf-2 -DF_CPU=16000000UL -DNO_HELI -DNO_TEMPLATES -DFRSKY -Os -Wall  -MD -MP -MF .dep/er9x.o.d er9x.cpp -o obj/er9x.o

Compiling C++: stamp.cpp
avr-gcc -c -mmcu=atmega64 -I. -x c++ -gdwarf-2 -DF_CPU=16000000UL -DNO_HELI -DNO_TEMPLATES -DFRSKY -Os -Wall  -MD -MP -MF .dep/stamp.o.d stamp.cpp -o obj/stamp.o

Compiling C++: menus.cpp
avr-gcc -c -mmcu=atmega64 -I. -x c++ -gdwarf-2 -DF_CPU=16000000UL -DNO_HELI -DNO_TEMPLATES -DFRSKY -Os -Wall  -MD -MP -MF .dep/menus.o.d menus.cpp -o obj/menus.o

Compiling C++: pers.cpp
avr-gcc -c -mmcu=atmega64 -I. -x c++ -gdwarf-2 -DF_CPU=16000000UL -DNO_HELI -DNO_TEMPLATES -DFRSKY -Os -Wall  -MD -MP -MF .dep/pers.o.d pers.cpp -o obj/pers.o

Compiling C++: file.cpp
avr-gcc -c -mmcu=atmega64 -I. -x c++ -gdwarf-2 -DF_CPU=16000000UL -DNO_HELI -DNO_TEMPLATES -DFRSKY -Os -Wall  -MD -MP -MF .dep/file.o.d file.cpp -o obj/file.o

Compiling C++: lcd.cpp
avr-gcc -c -mmcu=atmega64 -I. -x c++ -gdwarf-2 -DF_CPU=16000000UL -DNO_HELI -DNO_TEMPLATES -DFRSKY -Os -Wall  -MD -MP -MF .dep/lcd.o.d lcd.cpp -o obj/lcd.o

Compiling C++: drivers.cpp
avr-gcc -c -mmcu=atmega64 -I. -x c++ -gdwarf-2 -DF_CPU=16000000UL -DNO_HELI -DNO_TEMPLATES -DFRSKY -Os -Wall  -MD -MP -MF .dep/drivers.o.d drivers.cpp -o obj/drivers.o

Compiling C++: templates.cpp
avr-gcc -c -mmcu=atmega64 -I. -x c++ -gdwarf-2 -DF_CPU=16000000UL -DNO_HELI -DNO_TEMPLATES -DFRSKY -Os -Wall  -MD -MP -MF .dep/templates.o.d templates.cpp -o obj/templates.o

Compiling C++: frsky.cpp
avr-gcc -c -mmcu=atmega64 -I. -x c++ -gdwarf-2 -DF_CPU=16000000UL -DNO_HELI -DNO_TEMPLATES -DFRSKY -Os -Wall  -MD -MP -MF .dep/frsky.o.d frsky.cpp -o obj/frsky.o

Linking: er9x.elf
avr-gcc -mmcu=atmega64 -I. -gdwarf-2 -DF_CPU=16000000UL -Os -funsigned-char -funsigned-bitfields -fpack-struct -fshort-enums -Wall -Wstrict-prototypes -Wundef -Wa,-adhlns=obj/er9x.o  -std=gnu99 --combine -fwhole-program -MD -MP -MF .dep/er9x.elf.d obj/er9x.o obj/stamp.o obj/menus.o obj/pers.o obj/file.o obj/lcd.o obj/drivers.o obj/templates.o obj/frsky.o --output er9x.elf -Wl,-Map=er9x.map,--cref    -lm

Creating load file for Flash: er9x.hex
avr-objcopy -O ihex -R .eeprom er9x.elf er9x.hex

Creating load file for EEPROM: er9x.eep
avr-objcopy -j .eeprom --set-section-flags=.eeprom="alloc,load" \
--change-section-lma .eeprom=0 -O ihex er9x.elf er9x.eep

Creating Extended Listing: er9x.lss
avr-objdump -h -S er9x.elf > er9x.lss

Creating Symbol Table: er9x.sym
avr-nm -n er9x.elf > er9x.sym

Size after:
AVR Memory Usage
----------------
Device: atmega64

Program:   57224 bytes (87.3% Full)
(.text + .data + .bootloader)

Data:       3564 bytes (87.0% Full)
(.data + .bss + .noinit)



-------- end --------

>>>  moving

===== Making FRSKY - NOHELI/NOTEMPLATE, SPKR Version =====
>>> cleaning

-------- begin --------

Cleaning project:
rm -f er9x.hex
rm -f er9x.eep
rm -f er9x.cof
rm -f er9x.elf
rm -f er9x.map
rm -f er9x.sym
rm -f er9x.lss
rm -rf obj
rm -f 
rm -f 
rm -rf .dep
-------- end --------

>>>  making

-------- begin --------
avr-gcc (GCC) 4.3.5
Copyright (C) 2008 Free Software Foundation, Inc.
This is free software; see the source for copying conditions.  There is NO
warranty; not even for MERCHANTABILITY or FITNESS FOR A PARTICULAR PURPOSE.


Generate Version-stamp:
//Automatically generated file - do not edit
#define DATE_STR "18.08.2011"
#define TIME_STR "09:09:25"
#define SUB_VERS 4686-erez
#define SVN_VERS "trunk-r443"

Compiling C++: er9x.cpp
avr-gcc -c -mmcu=atmega64 -I. -x c++ -gdwarf-2 -DF_CPU=16000000UL -DNO_HELI -DNO_TEMPLATES -DFRSKY -DBEEPSPKR -Os -Wall  -MD -MP -MF .dep/er9x.o.d er9x.cpp -o obj/er9x.o

Compiling C++: stamp.cpp
avr-gcc -c -mmcu=atmega64 -I. -x c++ -gdwarf-2 -DF_CPU=16000000UL -DNO_HELI -DNO_TEMPLATES -DFRSKY -DBEEPSPKR -Os -Wall  -MD -MP -MF .dep/stamp.o.d stamp.cpp -o obj/stamp.o

Compiling C++: menus.cpp
avr-gcc -c -mmcu=atmega64 -I. -x c++ -gdwarf-2 -DF_CPU=16000000UL -DNO_HELI -DNO_TEMPLATES -DFRSKY -DBEEPSPKR -Os -Wall  -MD -MP -MF .dep/menus.o.d menus.cpp -o obj/menus.o

Compiling C++: pers.cpp
avr-gcc -c -mmcu=atmega64 -I. -x c++ -gdwarf-2 -DF_CPU=16000000UL -DNO_HELI -DNO_TEMPLATES -DFRSKY -DBEEPSPKR -Os -Wall  -MD -MP -MF .dep/pers.o.d pers.cpp -o obj/pers.o

Compiling C++: file.cpp
avr-gcc -c -mmcu=atmega64 -I. -x c++ -gdwarf-2 -DF_CPU=16000000UL -DNO_HELI -DNO_TEMPLATES -DFRSKY -DBEEPSPKR -Os -Wall  -MD -MP -MF .dep/file.o.d file.cpp -o obj/file.o

Compiling C++: lcd.cpp
avr-gcc -c -mmcu=atmega64 -I. -x c++ -gdwarf-2 -DF_CPU=16000000UL -DNO_HELI -DNO_TEMPLATES -DFRSKY -DBEEPSPKR -Os -Wall  -MD -MP -MF .dep/lcd.o.d lcd.cpp -o obj/lcd.o

Compiling C++: drivers.cpp
avr-gcc -c -mmcu=atmega64 -I. -x c++ -gdwarf-2 -DF_CPU=16000000UL -DNO_HELI -DNO_TEMPLATES -DFRSKY -DBEEPSPKR -Os -Wall  -MD -MP -MF .dep/drivers.o.d drivers.cpp -o obj/drivers.o

Compiling C++: templates.cpp
avr-gcc -c -mmcu=atmega64 -I. -x c++ -gdwarf-2 -DF_CPU=16000000UL -DNO_HELI -DNO_TEMPLATES -DFRSKY -DBEEPSPKR -Os -Wall  -MD -MP -MF .dep/templates.o.d templates.cpp -o obj/templates.o

Compiling C++: frsky.cpp
avr-gcc -c -mmcu=atmega64 -I. -x c++ -gdwarf-2 -DF_CPU=16000000UL -DNO_HELI -DNO_TEMPLATES -DFRSKY -DBEEPSPKR -Os -Wall  -MD -MP -MF .dep/frsky.o.d frsky.cpp -o obj/frsky.o

Linking: er9x.elf
avr-gcc -mmcu=atmega64 -I. -gdwarf-2 -DF_CPU=16000000UL -Os -funsigned-char -funsigned-bitfields -fpack-struct -fshort-enums -Wall -Wstrict-prototypes -Wundef -Wa,-adhlns=obj/er9x.o  -std=gnu99 --combine -fwhole-program -MD -MP -MF .dep/er9x.elf.d obj/er9x.o obj/stamp.o obj/menus.o obj/pers.o obj/file.o obj/lcd.o obj/drivers.o obj/templates.o obj/frsky.o --output er9x.elf -Wl,-Map=er9x.map,--cref    -lm

Creating load file for Flash: er9x.hex
avr-objcopy -O ihex -R .eeprom er9x.elf er9x.hex

Creating load file for EEPROM: er9x.eep
avr-objcopy -j .eeprom --set-section-flags=.eeprom="alloc,load" \
--change-section-lma .eeprom=0 -O ihex er9x.elf er9x.eep

Creating Extended Listing: er9x.lss
avr-objdump -h -S er9x.elf > er9x.lss

Creating Symbol Table: er9x.sym
avr-nm -n er9x.elf > er9x.sym

Size after:
AVR Memory Usage
----------------
Device: atmega64

Program:   57516 bytes (87.8% Full)
(.text + .data + .bootloader)

Data:       3568 bytes (87.1% Full)
(.data + .bss + .noinit)



-------- end --------

>>>  moving

===== Making ARDUPILOT Version =====
>>> cleaning

-------- begin --------

Cleaning project:
rm -f er9x.hex
rm -f er9x.eep
rm -f er9x.cof
rm -f er9x.elf
rm -f er9x.map
rm -f er9x.sym
rm -f er9x.lss
rm -rf obj
rm -f 
rm -f 
rm -rf .dep
-------- end --------

>>>  making

-------- begin --------
avr-gcc (GCC) 4.3.5
Copyright (C) 2008 Free Software Foundation, Inc.
This is free software; see the source for copying conditions.  There is NO
warranty; not even for MERCHANTABILITY or FITNESS FOR A PARTICULAR PURPOSE.


Generate Version-stamp:
//Automatically generated file - do not edit
#define DATE_STR "18.08.2011"
#define TIME_STR "09:09:28"
#define SUB_VERS 4687-erez
#define SVN_VERS "trunk-r443"

Compiling C++: er9x.cpp
avr-gcc -c -mmcu=atmega64 -I. -x c++ -gdwarf-2 -DF_CPU=16000000UL -DARDUPILOT -Os -Wall  -MD -MP -MF .dep/er9x.o.d er9x.cpp -o obj/er9x.o

Compiling C++: stamp.cpp
avr-gcc -c -mmcu=atmega64 -I. -x c++ -gdwarf-2 -DF_CPU=16000000UL -DARDUPILOT -Os -Wall  -MD -MP -MF .dep/stamp.o.d stamp.cpp -o obj/stamp.o

Compiling C++: menus.cpp
avr-gcc -c -mmcu=atmega64 -I. -x c++ -gdwarf-2 -DF_CPU=16000000UL -DARDUPILOT -Os -Wall  -MD -MP -MF .dep/menus.o.d menus.cpp -o obj/menus.o

Compiling C++: pers.cpp
avr-gcc -c -mmcu=atmega64 -I. -x c++ -gdwarf-2 -DF_CPU=16000000UL -DARDUPILOT -Os -Wall  -MD -MP -MF .dep/pers.o.d pers.cpp -o obj/pers.o

Compiling C++: file.cpp
avr-gcc -c -mmcu=atmega64 -I. -x c++ -gdwarf-2 -DF_CPU=16000000UL -DARDUPILOT -Os -Wall  -MD -MP -MF .dep/file.o.d file.cpp -o obj/file.o

Compiling C++: lcd.cpp
avr-gcc -c -mmcu=atmega64 -I. -x c++ -gdwarf-2 -DF_CPU=16000000UL -DARDUPILOT -Os -Wall  -MD -MP -MF .dep/lcd.o.d lcd.cpp -o obj/lcd.o

Compiling C++: drivers.cpp
avr-gcc -c -mmcu=atmega64 -I. -x c++ -gdwarf-2 -DF_CPU=16000000UL -DARDUPILOT -Os -Wall  -MD -MP -MF .dep/drivers.o.d drivers.cpp -o obj/drivers.o

Compiling C++: templates.cpp
avr-gcc -c -mmcu=atmega64 -I. -x c++ -gdwarf-2 -DF_CPU=16000000UL -DARDUPILOT -Os -Wall  -MD -MP -MF .dep/templates.o.d templates.cpp -o obj/templates.o

Compiling C++: ardupilot.cpp
avr-gcc -c -mmcu=atmega64 -I. -x c++ -gdwarf-2 -DF_CPU=16000000UL -DARDUPILOT -Os -Wall  -MD -MP -MF .dep/ardupilot.o.d ardupilot.cpp -o obj/ardupilot.o

Linking: er9x.elf
avr-gcc -mmcu=atmega64 -I. -gdwarf-2 -DF_CPU=16000000UL -Os -funsigned-char -funsigned-bitfields -fpack-struct -fshort-enums -Wall -Wstrict-prototypes -Wundef -Wa,-adhlns=obj/er9x.o  -std=gnu99 --combine -fwhole-program -MD -MP -MF .dep/er9x.elf.d obj/er9x.o obj/stamp.o obj/menus.o obj/pers.o obj/file.o obj/lcd.o obj/drivers.o obj/templates.o obj/ardupilot.o --output er9x.elf -Wl,-Map=er9x.map,--cref    -lm

Creating load file for Flash: er9x.hex
avr-objcopy -O ihex -R .eeprom er9x.elf er9x.hex

Creating load file for EEPROM: er9x.eep
avr-objcopy -j .eeprom --set-section-flags=.eeprom="alloc,load" \
--change-section-lma .eeprom=0 -O ihex er9x.elf er9x.eep

Creating Extended Listing: er9x.lss
avr-objdump -h -S er9x.elf > er9x.lss

Creating Symbol Table: er9x.sym
avr-nm -n er9x.elf > er9x.sym

Size after:
AVR Memory Usage
----------------
Device: atmega64

Program:   56722 bytes (86.6% Full)
(.text + .data + .bootloader)

Data:       3474 bytes (84.8% Full)
(.data + .bss + .noinit)



-------- end --------

>>>  moving

===== Making MAIN - NOHELI/NOTEMPLATE, SPKR Version =====
>>> cleaning

-------- begin --------

Cleaning project:
rm -f er9x.hex
rm -f er9x.eep
rm -f er9x.cof
rm -f er9x.elf
rm -f er9x.map
rm -f er9x.sym
rm -f er9x.lss
rm -rf obj
rm -f 
rm -f 
rm -rf .dep
-------- end --------

>>>  making

-------- begin --------
avr-gcc (GCC) 4.3.5
Copyright (C) 2008 Free Software Foundation, Inc.
This is free software; see the source for copying conditions.  There is NO
warranty; not even for MERCHANTABILITY or FITNESS FOR A PARTICULAR PURPOSE.


Generate Version-stamp:
//Automatically generated file - do not edit
#define DATE_STR "18.08.2011"
#define TIME_STR "09:09:30"
#define SUB_VERS 4688-erez
#define SVN_VERS "trunk-r443"

Compiling C++: er9x.cpp
avr-gcc -c -mmcu=atmega64 -I. -x c++ -gdwarf-2 -DF_CPU=16000000UL -DNO_HELI -DNO_TEMPLATES -DBEEPSPKR -Os -Wall  -MD -MP -MF .dep/er9x.o.d er9x.cpp -o obj/er9x.o

Compiling C++: stamp.cpp
avr-gcc -c -mmcu=atmega64 -I. -x c++ -gdwarf-2 -DF_CPU=16000000UL -DNO_HELI -DNO_TEMPLATES -DBEEPSPKR -Os -Wall  -MD -MP -MF .dep/stamp.o.d stamp.cpp -o obj/stamp.o

Compiling C++: menus.cpp
avr-gcc -c -mmcu=atmega64 -I. -x c++ -gdwarf-2 -DF_CPU=16000000UL -DNO_HELI -DNO_TEMPLATES -DBEEPSPKR -Os -Wall  -MD -MP -MF .dep/menus.o.d menus.cpp -o obj/menus.o

Compiling C++: pers.cpp
avr-gcc -c -mmcu=atmega64 -I. -x c++ -gdwarf-2 -DF_CPU=16000000UL -DNO_HELI -DNO_TEMPLATES -DBEEPSPKR -Os -Wall  -MD -MP -MF .dep/pers.o.d pers.cpp -o obj/pers.o

Compiling C++: file.cpp
avr-gcc -c -mmcu=atmega64 -I. -x c++ -gdwarf-2 -DF_CPU=16000000UL -DNO_HELI -DNO_TEMPLATES -DBEEPSPKR -Os -Wall  -MD -MP -MF .dep/file.o.d file.cpp -o obj/file.o

Compiling C++: lcd.cpp
avr-gcc -c -mmcu=atmega64 -I. -x c++ -gdwarf-2 -DF_CPU=16000000UL -DNO_HELI -DNO_TEMPLATES -DBEEPSPKR -Os -Wall  -MD -MP -MF .dep/lcd.o.d lcd.cpp -o obj/lcd.o

Compiling C++: drivers.cpp
avr-gcc -c -mmcu=atmega64 -I. -x c++ -gdwarf-2 -DF_CPU=16000000UL -DNO_HELI -DNO_TEMPLATES -DBEEPSPKR -Os -Wall  -MD -MP -MF .dep/drivers.o.d drivers.cpp -o obj/drivers.o

Compiling C++: templates.cpp
avr-gcc -c -mmcu=atmega64 -I. -x c++ -gdwarf-2 -DF_CPU=16000000UL -DNO_HELI -DNO_TEMPLATES -DBEEPSPKR -Os -Wall  -MD -MP -MF .dep/templates.o.d templates.cpp -o obj/templates.o

Linking: er9x.elf
avr-gcc -mmcu=atmega64 -I. -gdwarf-2 -DF_CPU=16000000UL -Os -funsigned-char -funsigned-bitfields -fpack-struct -fshort-enums -Wall -Wstrict-prototypes -Wundef -Wa,-adhlns=obj/er9x.o  -std=gnu99 --combine -fwhole-program -MD -MP -MF .dep/er9x.elf.d obj/er9x.o obj/stamp.o obj/menus.o obj/pers.o obj/file.o obj/lcd.o obj/drivers.o obj/templates.o --output er9x.elf -Wl,-Map=er9x.map,--cref    -lm

Creating load file for Flash: er9x.hex
avr-objcopy -O ihex -R .eeprom er9x.elf er9x.hex

Creating load file for EEPROM: er9x.eep
avr-objcopy -j .eeprom --set-section-flags=.eeprom="alloc,load" \
--change-section-lma .eeprom=0 -O ihex er9x.elf er9x.eep

Creating Extended Listing: er9x.lss
avr-objdump -h -S er9x.elf > er9x.lss

Creating Symbol Table: er9x.sym
avr-nm -n er9x.elf > er9x.sym

Size after:
AVR Memory Usage
----------------
Device: atmega64

Program:   53314 bytes (81.4% Full)
(.text + .data + .bootloader)

Data:       3440 bytes (84.0% Full)
(.data + .bss + .noinit)



-------- end --------

>>>  moving

===== Making MAIN - SPKR Version =====
>>> cleaning

-------- begin --------

Cleaning project:
rm -f er9x.hex
rm -f er9x.eep
rm -f er9x.cof
rm -f er9x.elf
rm -f er9x.map
rm -f er9x.sym
rm -f er9x.lss
rm -rf obj
rm -f 
rm -f 
rm -rf .dep
-------- end --------

>>>  making

-------- begin --------
avr-gcc (GCC) 4.3.5
Copyright (C) 2008 Free Software Foundation, Inc.
This is free software; see the source for copying conditions.  There is NO
warranty; not even for MERCHANTABILITY or FITNESS FOR A PARTICULAR PURPOSE.


Generate Version-stamp:
//Automatically generated file - do not edit
#define DATE_STR "18.08.2011"
#define TIME_STR "09:09:33"
#define SUB_VERS 4689-erez
#define SVN_VERS "trunk-r443"

Compiling C++: er9x.cpp
avr-gcc -c -mmcu=atmega64 -I. -x c++ -gdwarf-2 -DF_CPU=16000000UL -DBEEPSPKR -Os -Wall  -MD -MP -MF .dep/er9x.o.d er9x.cpp -o obj/er9x.o

Compiling C++: stamp.cpp
avr-gcc -c -mmcu=atmega64 -I. -x c++ -gdwarf-2 -DF_CPU=16000000UL -DBEEPSPKR -Os -Wall  -MD -MP -MF .dep/stamp.o.d stamp.cpp -o obj/stamp.o

Compiling C++: menus.cpp
avr-gcc -c -mmcu=atmega64 -I. -x c++ -gdwarf-2 -DF_CPU=16000000UL -DBEEPSPKR -Os -Wall  -MD -MP -MF .dep/menus.o.d menus.cpp -o obj/menus.o

Compiling C++: pers.cpp
avr-gcc -c -mmcu=atmega64 -I. -x c++ -gdwarf-2 -DF_CPU=16000000UL -DBEEPSPKR -Os -Wall  -MD -MP -MF .dep/pers.o.d pers.cpp -o obj/pers.o

Compiling C++: file.cpp
avr-gcc -c -mmcu=atmega64 -I. -x c++ -gdwarf-2 -DF_CPU=16000000UL -DBEEPSPKR -Os -Wall  -MD -MP -MF .dep/file.o.d file.cpp -o obj/file.o

Compiling C++: lcd.cpp
avr-gcc -c -mmcu=atmega64 -I. -x c++ -gdwarf-2 -DF_CPU=16000000UL -DBEEPSPKR -Os -Wall  -MD -MP -MF .dep/lcd.o.d lcd.cpp -o obj/lcd.o

Compiling C++: drivers.cpp
avr-gcc -c -mmcu=atmega64 -I. -x c++ -gdwarf-2 -DF_CPU=16000000UL -DBEEPSPKR -Os -Wall  -MD -MP -MF .dep/drivers.o.d drivers.cpp -o obj/drivers.o

Compiling C++: templates.cpp
avr-gcc -c -mmcu=atmega64 -I. -x c++ -gdwarf-2 -DF_CPU=16000000UL -DBEEPSPKR -Os -Wall  -MD -MP -MF .dep/templates.o.d templates.cpp -o obj/templates.o

Linking: er9x.elf
avr-gcc -mmcu=atmega64 -I. -gdwarf-2 -DF_CPU=16000000UL -Os -funsigned-char -funsigned-bitfields -fpack-struct -fshort-enums -Wall -Wstrict-prototypes -Wundef -Wa,-adhlns=obj/er9x.o  -std=gnu99 --combine -fwhole-program -MD -MP -MF .dep/er9x.elf.d obj/er9x.o obj/stamp.o obj/menus.o obj/pers.o obj/file.o obj/lcd.o obj/drivers.o obj/templates.o --output er9x.elf -Wl,-Map=er9x.map,--cref    -lm

Creating load file for Flash: er9x.hex
avr-objcopy -O ihex -R .eeprom er9x.elf er9x.hex

Creating load file for EEPROM: er9x.eep
avr-objcopy -j .eeprom --set-section-flags=.eeprom="alloc,load" \
--change-section-lma .eeprom=0 -O ihex er9x.elf er9x.eep

Creating Extended Listing: er9x.lss
avr-objdump -h -S er9x.elf > er9x.lss

Creating Symbol Table: er9x.sym
avr-nm -n er9x.elf > er9x.sym

Size after:
AVR Memory Usage
----------------
Device: atmega64

Program:   54628 bytes (83.4% Full)
(.text + .data + .bootloader)

Data:       3444 bytes (84.1% Full)
(.data + .bss + .noinit)



-------- end --------

>>>  moving

===== Making MAIN - NOHELI/NOTEMPLATE Version =====
>>> cleaning

-------- begin --------

Cleaning project:
rm -f er9x.hex
rm -f er9x.eep
rm -f er9x.cof
rm -f er9x.elf
rm -f er9x.map
rm -f er9x.sym
rm -f er9x.lss
rm -rf obj
rm -f 
rm -f 
rm -rf .dep
-------- end --------

>>>  making

-------- begin --------
avr-gcc (GCC) 4.3.5
Copyright (C) 2008 Free Software Foundation, Inc.
This is free software; see the source for copying conditions.  There is NO
warranty; not even for MERCHANTABILITY or FITNESS FOR A PARTICULAR PURPOSE.


Generate Version-stamp:
//Automatically generated file - do not edit
#define DATE_STR "18.08.2011"
#define TIME_STR "09:09:36"
#define SUB_VERS 4690-erez
#define SVN_VERS "trunk-r443"

Compiling C++: er9x.cpp
avr-gcc -c -mmcu=atmega64 -I. -x c++ -gdwarf-2 -DF_CPU=16000000UL -DNO_HELI -DNO_TEMPLATES -Os -Wall  -MD -MP -MF .dep/er9x.o.d er9x.cpp -o obj/er9x.o

Compiling C++: stamp.cpp
avr-gcc -c -mmcu=atmega64 -I. -x c++ -gdwarf-2 -DF_CPU=16000000UL -DNO_HELI -DNO_TEMPLATES -Os -Wall  -MD -MP -MF .dep/stamp.o.d stamp.cpp -o obj/stamp.o

Compiling C++: menus.cpp
avr-gcc -c -mmcu=atmega64 -I. -x c++ -gdwarf-2 -DF_CPU=16000000UL -DNO_HELI -DNO_TEMPLATES -Os -Wall  -MD -MP -MF .dep/menus.o.d menus.cpp -o obj/menus.o

Compiling C++: pers.cpp
avr-gcc -c -mmcu=atmega64 -I. -x c++ -gdwarf-2 -DF_CPU=16000000UL -DNO_HELI -DNO_TEMPLATES -Os -Wall  -MD -MP -MF .dep/pers.o.d pers.cpp -o obj/pers.o

Compiling C++: file.cpp
avr-gcc -c -mmcu=atmega64 -I. -x c++ -gdwarf-2 -DF_CPU=16000000UL -DNO_HELI -DNO_TEMPLATES -Os -Wall  -MD -MP -MF .dep/file.o.d file.cpp -o obj/file.o

Compiling C++: lcd.cpp
avr-gcc -c -mmcu=atmega64 -I. -x c++ -gdwarf-2 -DF_CPU=16000000UL -DNO_HELI -DNO_TEMPLATES -Os -Wall  -MD -MP -MF .dep/lcd.o.d lcd.cpp -o obj/lcd.o

Compiling C++: drivers.cpp
avr-gcc -c -mmcu=atmega64 -I. -x c++ -gdwarf-2 -DF_CPU=16000000UL -DNO_HELI -DNO_TEMPLATES -Os -Wall  -MD -MP -MF .dep/drivers.o.d drivers.cpp -o obj/drivers.o

Compiling C++: templates.cpp
avr-gcc -c -mmcu=atmega64 -I. -x c++ -gdwarf-2 -DF_CPU=16000000UL -DNO_HELI -DNO_TEMPLATES -Os -Wall  -MD -MP -MF .dep/templates.o.d templates.cpp -o obj/templates.o

Linking: er9x.elf
avr-gcc -mmcu=atmega64 -I. -gdwarf-2 -DF_CPU=16000000UL -Os -funsigned-char -funsigned-bitfields -fpack-struct -fshort-enums -Wall -Wstrict-prototypes -Wundef -Wa,-adhlns=obj/er9x.o  -std=gnu99 --combine -fwhole-program -MD -MP -MF .dep/er9x.elf.d obj/er9x.o obj/stamp.o obj/menus.o obj/pers.o obj/file.o obj/lcd.o obj/drivers.o obj/templates.o --output er9x.elf -Wl,-Map=er9x.map,--cref    -lm

Creating load file for Flash: er9x.hex
avr-objcopy -O ihex -R .eeprom er9x.elf er9x.hex

Creating load file for EEPROM: er9x.eep
avr-objcopy -j .eeprom --set-section-flags=.eeprom="alloc,load" \
--change-section-lma .eeprom=0 -O ihex er9x.elf er9x.eep

Creating Extended Listing: er9x.lss
avr-objdump -h -S er9x.elf > er9x.lss

Creating Symbol Table: er9x.sym
avr-nm -n er9x.elf > er9x.sym

Size after:
AVR Memory Usage
----------------
Device: atmega64

Program:   53022 bytes (80.9% Full)
(.text + .data + .bootloader)

Data:       3436 bytes (83.9% Full)
(.data + .bss + .noinit)



-------- end --------

>>>  moving

===== Making MAIN Version =====
>>> cleaning

-------- begin --------

Cleaning project:
rm -f er9x.hex
rm -f er9x.eep
rm -f er9x.cof
rm -f er9x.elf
rm -f er9x.map
rm -f er9x.sym
rm -f er9x.lss
rm -rf obj
rm -f 
rm -f 
rm -rf .dep
-------- end --------

>>>  making

-------- begin --------
avr-gcc (GCC) 4.3.5
Copyright (C) 2008 Free Software Foundation, Inc.
This is free software; see the source for copying conditions.  There is NO
warranty; not even for MERCHANTABILITY or FITNESS FOR A PARTICULAR PURPOSE.


Generate Version-stamp:
//Automatically generated file - do not edit
#define DATE_STR "18.08.2011"
#define TIME_STR "09:09:38"
#define SUB_VERS 4691-erez
#define SVN_VERS "trunk-r443"

Compiling C++: er9x.cpp
avr-gcc -c -mmcu=atmega64 -I. -x c++ -gdwarf-2 -DF_CPU=16000000UL -Os -Wall  -MD -MP -MF .dep/er9x.o.d er9x.cpp -o obj/er9x.o

Compiling C++: stamp.cpp
avr-gcc -c -mmcu=atmega64 -I. -x c++ -gdwarf-2 -DF_CPU=16000000UL -Os -Wall  -MD -MP -MF .dep/stamp.o.d stamp.cpp -o obj/stamp.o

Compiling C++: menus.cpp
avr-gcc -c -mmcu=atmega64 -I. -x c++ -gdwarf-2 -DF_CPU=16000000UL -Os -Wall  -MD -MP -MF .dep/menus.o.d menus.cpp -o obj/menus.o

Compiling C++: pers.cpp
avr-gcc -c -mmcu=atmega64 -I. -x c++ -gdwarf-2 -DF_CPU=16000000UL -Os -Wall  -MD -MP -MF .dep/pers.o.d pers.cpp -o obj/pers.o

Compiling C++: file.cpp
avr-gcc -c -mmcu=atmega64 -I. -x c++ -gdwarf-2 -DF_CPU=16000000UL -Os -Wall  -MD -MP -MF .dep/file.o.d file.cpp -o obj/file.o

Compiling C++: lcd.cpp
avr-gcc -c -mmcu=atmega64 -I. -x c++ -gdwarf-2 -DF_CPU=16000000UL -Os -Wall  -MD -MP -MF .dep/lcd.o.d lcd.cpp -o obj/lcd.o

Compiling C++: drivers.cpp
avr-gcc -c -mmcu=atmega64 -I. -x c++ -gdwarf-2 -DF_CPU=16000000UL -Os -Wall  -MD -MP -MF .dep/drivers.o.d drivers.cpp -o obj/drivers.o

Compiling C++: templates.cpp
avr-gcc -c -mmcu=atmega64 -I. -x c++ -gdwarf-2 -DF_CPU=16000000UL -Os -Wall  -MD -MP -MF .dep/templates.o.d templates.cpp -o obj/templates.o

Linking: er9x.elf
avr-gcc -mmcu=atmega64 -I. -gdwarf-2 -DF_CPU=16000000UL -Os -funsigned-char -funsigned-bitfields -fpack-struct -fshort-enums -Wall -Wstrict-prototypes -Wundef -Wa,-adhlns=obj/er9x.o  -std=gnu99 --combine -fwhole-program -MD -MP -MF .dep/er9x.elf.d obj/er9x.o obj/stamp.o obj/menus.o obj/pers.o obj/file.o obj/lcd.o obj/drivers.o obj/templates.o --output er9x.elf -Wl,-Map=er9x.map,--cref    -lm

Creating load file for Flash: er9x.hex
avr-objcopy -O ihex -R .eeprom er9x.elf er9x.hex

Creating load file for EEPROM: er9x.eep
avr-objcopy -j .eeprom --set-section-flags=.eeprom="alloc,load" \
--change-section-lma .eeprom=0 -O ihex er9x.elf er9x.eep

Creating Extended Listing: er9x.lss
avr-objdump -h -S er9x.elf > er9x.lss

Creating Symbol Table: er9x.sym
avr-nm -n er9x.elf > er9x.sym

Size after:
AVR Memory Usage
----------------
Device: atmega64

Program:   54330 bytes (82.9% Full)
(.text + .data + .bootloader)

Data:       3440 bytes (84.0% Full)
(.data + .bss + .noinit)



-------- end --------

>>>  moving
>>> cleaning

-------- begin --------

Cleaning project:
rm -f er9x.hex
rm -f er9x.eep
rm -f er9x.cof
rm -f er9x.elf
rm -f er9x.map
rm -f er9x.sym
rm -f er9x.lss
rm -rf obj
rm -f 
rm -f 
rm -rf .dep
-------- end --------

